// Jest Snapshot v1, https://goo.gl/fbAQLP

exports[`CouponComponent should match the snapshot 1`] = `
Object {
  "asFragment": [Function],
  "baseElement": <body>
    <div>
      <div
        class="container flex flex-column pv6 ph4"
      >
        <div
          class="mb4 mr4"
        >
          <div
            class="ma0 dib"
          >
            <h3
              class="t-heading-3"
            >
              Promotions
            </h3>
            <button
              class="vtex-button bw1 ba fw5 v-mid relative pa0 br2 min-h-regular t-action nl6 bg-transparent b--transparent c-action-primary hover-b--transparent pointer "
              tabindex="0"
              type="button"
            >
              <div
                class="flex items-center justify-center h-100 pv2 ph6 nl1 "
              >
                APPLY PROMO CODE
              </div>
            </button>
          </div>
        </div>
      </div>
    </div>
  </body>,
  "container": <div>
    <div
      class="container flex flex-column pv6 ph4"
    >
      <div
        class="mb4 mr4"
      >
        <div
          class="ma0 dib"
        >
          <h3
            class="t-heading-3"
          >
            Promotions
          </h3>
          <button
            class="vtex-button bw1 ba fw5 v-mid relative pa0 br2 min-h-regular t-action nl6 bg-transparent b--transparent c-action-primary hover-b--transparent pointer "
            tabindex="0"
            type="button"
          >
            <div
              class="flex items-center justify-center h-100 pv2 ph6 nl1 "
            >
              APPLY PROMO CODE
            </div>
          </button>
        </div>
      </div>
    </div>
  </div>,
  "debug": [Function],
  "findAllByAltText": [Function],
  "findAllByDisplayValue": [Function],
  "findAllByLabelText": [Function],
  "findAllByPlaceholderText": [Function],
  "findAllByRole": [Function],
  "findAllByTestId": [Function],
  "findAllByText": [Function],
  "findAllByTitle": [Function],
  "findByAltText": [Function],
  "findByDisplayValue": [Function],
  "findByLabelText": [Function],
  "findByPlaceholderText": [Function],
  "findByRole": [Function],
  "findByTestId": [Function],
  "findByText": [Function],
  "findByTitle": [Function],
  "getAllByAltText": [Function],
  "getAllByDisplayValue": [Function],
  "getAllByLabelText": [Function],
  "getAllByPlaceholderText": [Function],
  "getAllByRole": [Function],
  "getAllBySelectText": [Function],
  "getAllByTestId": [Function],
  "getAllByText": [Function],
  "getAllByTitle": [Function],
  "getAllByValue": [Function],
  "getByAltText": [Function],
  "getByDisplayValue": [Function],
  "getByLabelText": [Function],
  "getByPlaceholderText": [Function],
  "getByRole": [Function],
  "getBySelectText": [Function],
  "getByTestId": [Function],
  "getByText": [Function],
  "getByTitle": [Function],
  "getByValue": [Function],
  "queryAllByAltText": [Function],
  "queryAllByDisplayValue": [Function],
  "queryAllByLabelText": [Function],
  "queryAllByPlaceholderText": [Function],
  "queryAllByRole": [Function],
  "queryAllBySelectText": [Function],
  "queryAllByTestId": [Function],
  "queryAllByText": [Function],
  "queryAllByTitle": [Function],
  "queryAllByValue": [Function],
  "queryByAltText": [Function],
  "queryByDisplayValue": [Function],
  "queryByLabelText": [Function],
  "queryByPlaceholderText": [Function],
  "queryByRole": [Function],
  "queryBySelectText": [Function],
  "queryByTestId": [Function],
  "queryByText": [Function],
  "queryByTitle": [Function],
  "queryByValue": [Function],
  "rerender": [Function],
  "unmount": [Function],
}
`;
